 From the ACLU Handbook on _The Right to Protest_ (1991):

----------start-------- 

[q:] Does a leaflet have to identify the person or group responsible
for its message?

[a:] Not usually. The Supreme Court has held that the distribution of
anonymous political leaflets is a constitutionally protected activity
because "{a}nonymously pamphlets, leaflets, brochures and even books
have played an important role in the progress of mankind. Persecuted
groups and sects from time to time throughout history have been able
to criticize oppressive practices and laws either anonymously or not
at all."{21} However, a few lower courts have upheld restrictions on
anonymous leaflets that are part of an election campaign in order to
prevent "dirty tricks."{22}

[References]

21. _Tally v. California_, 362 U.S. 60, 64 (1960); see also _Wilson v.
Stocker_, 819 F2d 943 (10th Cir. 1987)

22. _Morefield v. Moore, 540 S.W. 2d 873 (Ky. 1976); but see _People
v. White, 116 Ill. 2d 171, 506 N.E.2d 1284 (1987)

---------end------

- Carl
-- 
Carl Kadie -- kadie@cs.uiuc.edu -- University of Illinois at Urbana-Champaign

